exec [--bash] [--hide] [--uid <uid>] [--gid <gid>] <command>
