[*] Merlin extracted successfully
[*] Merlin executed successfully
