[*] pid is a required argument.
infect
disinfect
exec [--bash] [--hide] [--uid <uid>] [--gid <gid>] <command>
kill <pid>
hide [--pid <pid> | --module]
unhide [--pid <pid> | --module]
set <pid> [--uid <uid>] [--gid <gid>]
unset <pid> [--uid] [--gid]
payload [--list | --exec <name>]
help <module>
